2024-01-26T10:48:57.217055Z 0 [System] [MY-015015] [Server] MySQL Server - start.
2024-01-26T10:48:57.362521Z 0 [System] [MY-010116] [Server] D:\uniformserver\uniformServer\core\mysql\bin\mysqld_z.exe (mysqld 8.2.0) starting as process 13560
2024-01-26T10:48:57.372142Z 0 [Warning] [MY-010075] [Server] No existing UUID has been found, so we assume that this is the first time that this server has been started. Generating a new UUID: 819bb316-bc38-11ee-80bf-cc96e5076d25.
2024-01-26T10:48:57.376144Z 1 [System] [MY-013576] [InnoDB] InnoDB initialization has started.
2024-01-26T10:48:57.491591Z 1 [System] [MY-013577] [InnoDB] InnoDB initialization has ended.
2024-01-26T10:48:58.134761Z 0 [Warning] [MY-010068] [Server] CA certificate ca.pem is self signed.
2024-01-26T10:48:58.135121Z 0 [System] [MY-013602] [Server] Channel mysql_main configured to support TLS. Encrypted connections are now supported for this channel.
2024-01-26T10:48:58.360966Z 0 [System] [MY-011323] [Server] X Plugin ready for connections. Bind-address: '::' port: 33060
2024-01-26T10:48:58.361032Z 0 [System] [MY-010931] [Server] D:\uniformserver\uniformServer\core\mysql\bin\mysqld_z.exe: ready for connections. Version: '8.2.0'  socket: ''  port: 3306  MySQL Community Server - GPL.
2024-01-26T10:50:24.747505Z 0 [System] [MY-015015] [Server] MySQL Server - start.
2024-01-26T10:50:24.882770Z 0 [System] [MY-010116] [Server] D:\uniformserver\uniformServer\core\mysql\bin\mysqld_z.exe (mysqld 8.2.0) starting as process 2124
2024-01-26T10:50:24.890443Z 1 [System] [MY-013576] [InnoDB] InnoDB initialization has started.
2024-01-26T10:50:25.613395Z 1 [System] [MY-013577] [InnoDB] InnoDB initialization has ended.
2024-01-26T10:50:25.782102Z 0 [System] [MY-010229] [Server] Starting XA crash recovery...
2024-01-26T10:50:25.784827Z 0 [System] [MY-010232] [Server] XA crash recovery finished.
2024-01-26T10:50:25.813593Z 0 [Warning] [MY-010068] [Server] CA certificate ca.pem is self signed.
2024-01-26T10:50:25.813749Z 0 [System] [MY-013602] [Server] Channel mysql_main configured to support TLS. Encrypted connections are now supported for this channel.
2024-01-26T10:50:25.841159Z 0 [System] [MY-011323] [Server] X Plugin ready for connections. Bind-address: '::' port: 33060
2024-01-26T10:50:25.841250Z 0 [System] [MY-010931] [Server] D:\uniformserver\uniformServer\core\mysql\bin\mysqld_z.exe: ready for connections. Version: '8.2.0'  socket: ''  port: 3306  MySQL Community Server - GPL.
2024-01-26T10:53:24.125959Z 44 [System] [MY-013172] [Server] Received SHUTDOWN from user root. Shutting down mysqld (Version: 8.2.0).
2024-01-26T10:53:24.126185Z 0 [System] [MY-013105] [Server] D:\uniformserver\uniformServer\core\mysql\bin\mysqld_z.exe: Normal shutdown.
2024-01-26T10:53:24.758837Z 0 [System] [MY-010910] [Server] D:\uniformserver\uniformServer\core\mysql\bin\mysqld_z.exe: Shutdown complete (mysqld 8.2.0)  MySQL Community Server - GPL.
2024-01-26T10:53:24.759627Z 0 [System] [MY-015016] [Server] MySQL Server - end.
2024-01-26T10:53:26.951987Z 0 [System] [MY-015015] [Server] MySQL Server - start.
2024-01-26T10:53:27.198505Z 0 [System] [MY-010116] [Server] D:\uniformserver\uniformServer\core\mysql\bin\mysqld_z.exe (mysqld 8.2.0) starting as process 8616
2024-01-26T10:53:27.206799Z 1 [System] [MY-013576] [InnoDB] InnoDB initialization has started.
2024-01-26T10:53:27.301805Z 1 [System] [MY-013577] [InnoDB] InnoDB initialization has ended.
2024-01-26T10:53:27.515479Z 0 [Warning] [MY-010068] [Server] CA certificate ca.pem is self signed.
2024-01-26T10:53:27.515636Z 0 [System] [MY-013602] [Server] Channel mysql_main configured to support TLS. Encrypted connections are now supported for this channel.
2024-01-26T10:53:27.545207Z 0 [System] [MY-011323] [Server] X Plugin ready for connections. Bind-address: '::' port: 33060
2024-01-26T10:53:27.545223Z 0 [System] [MY-010931] [Server] D:\uniformserver\uniformServer\core\mysql\bin\mysqld_z.exe: ready for connections. Version: '8.2.0'  socket: ''  port: 3306  MySQL Community Server - GPL.
2024-01-26T12:10:11.786117Z 0 [System] [MY-015015] [Server] MySQL Server - start.
2024-01-26T12:10:11.958377Z 0 [System] [MY-010116] [Server] D:\uniformServer\uniformServer\core\mysql\bin\mysqld_z.exe (mysqld 8.2.0) starting as process 5696
2024-01-26T12:10:11.972649Z 1 [System] [MY-013576] [InnoDB] InnoDB initialization has started.
2024-01-26T12:10:12.347088Z 1 [System] [MY-013577] [InnoDB] InnoDB initialization has ended.
2024-01-26T12:10:12.774453Z 0 [System] [MY-010229] [Server] Starting XA crash recovery...
2024-01-26T12:10:12.778018Z 0 [System] [MY-010232] [Server] XA crash recovery finished.
2024-01-26T12:10:12.834901Z 0 [Warning] [MY-010068] [Server] CA certificate ca.pem is self signed.
2024-01-26T12:10:12.835281Z 0 [System] [MY-013602] [Server] Channel mysql_main configured to support TLS. Encrypted connections are now supported for this channel.
2024-01-26T12:10:12.890627Z 0 [System] [MY-011323] [Server] X Plugin ready for connections. Bind-address: '::' port: 33060
2024-01-26T12:10:12.890856Z 0 [System] [MY-010931] [Server] D:\uniformServer\uniformServer\core\mysql\bin\mysqld_z.exe: ready for connections. Version: '8.2.0'  socket: ''  port: 3306  MySQL Community Server - GPL.
2024-01-26T12:10:36.268748Z 0 [System] [MY-015015] [Server] MySQL Server - start.
2024-01-26T12:10:36.425545Z 0 [System] [MY-010116] [Server] D:\uniformServer\uniformServer\core\mysql\bin\mysqld_z.exe (mysqld 8.2.0) starting as process 5912
2024-01-26T12:10:36.438272Z 1 [System] [MY-013576] [InnoDB] InnoDB initialization has started.
2024-01-26T12:10:37.317860Z 1 [System] [MY-013577] [InnoDB] InnoDB initialization has ended.
2024-01-26T12:10:37.701094Z 0 [System] [MY-010229] [Server] Starting XA crash recovery...
2024-01-26T12:10:37.707403Z 0 [System] [MY-010232] [Server] XA crash recovery finished.
2024-01-26T12:10:37.788584Z 0 [Warning] [MY-010068] [Server] CA certificate ca.pem is self signed.
2024-01-26T12:10:37.788940Z 0 [System] [MY-013602] [Server] Channel mysql_main configured to support TLS. Encrypted connections are now supported for this channel.
2024-01-26T12:10:37.854770Z 0 [System] [MY-011323] [Server] X Plugin ready for connections. Bind-address: '::' port: 33060
2024-01-26T12:10:37.854966Z 0 [System] [MY-010931] [Server] D:\uniformServer\uniformServer\core\mysql\bin\mysqld_z.exe: ready for connections. Version: '8.2.0'  socket: ''  port: 3306  MySQL Community Server - GPL.
2024-01-26T12:10:58.990200Z 30 [System] [MY-013172] [Server] Received SHUTDOWN from user root. Shutting down mysqld (Version: 8.2.0).
2024-01-26T12:10:58.990723Z 0 [System] [MY-013105] [Server] D:\uniformServer\uniformServer\core\mysql\bin\mysqld_z.exe: Normal shutdown.
2024-01-26T12:10:59.953856Z 0 [System] [MY-010910] [Server] D:\uniformServer\uniformServer\core\mysql\bin\mysqld_z.exe: Shutdown complete (mysqld 8.2.0)  MySQL Community Server - GPL.
2024-01-26T12:10:59.955382Z 0 [System] [MY-015016] [Server] MySQL Server - end.
2024-01-26T12:14:03.912131Z 0 [System] [MY-015015] [Server] MySQL Server - start.
2024-01-26T12:14:04.158979Z 0 [System] [MY-010116] [Server] D:\uniformServer\uniformServer\core\mysql\bin\mysqld_z.exe (mysqld 8.2.0) starting as process 11316
2024-01-26T12:14:04.170746Z 1 [System] [MY-013576] [InnoDB] InnoDB initialization has started.
2024-01-26T12:14:04.373674Z 1 [System] [MY-013577] [InnoDB] InnoDB initialization has ended.
2024-01-26T12:14:04.982916Z 0 [Warning] [MY-010068] [Server] CA certificate ca.pem is self signed.
2024-01-26T12:14:04.983275Z 0 [System] [MY-013602] [Server] Channel mysql_main configured to support TLS. Encrypted connections are now supported for this channel.
2024-01-26T12:14:05.041071Z 0 [System] [MY-011323] [Server] X Plugin ready for connections. Bind-address: '::' port: 33060
2024-01-26T12:14:05.041296Z 0 [System] [MY-010931] [Server] D:\uniformServer\uniformServer\core\mysql\bin\mysqld_z.exe: ready for connections. Version: '8.2.0'  socket: ''  port: 3306  MySQL Community Server - GPL.
2024-01-26T12:14:09.006096Z 8 [System] [MY-013172] [Server] Received SHUTDOWN from user root. Shutting down mysqld (Version: 8.2.0).
2024-01-26T12:14:09.006658Z 0 [System] [MY-013105] [Server] D:\uniformServer\uniformServer\core\mysql\bin\mysqld_z.exe: Normal shutdown.
2024-01-26T12:14:09.811148Z 0 [System] [MY-010910] [Server] D:\uniformServer\uniformServer\core\mysql\bin\mysqld_z.exe: Shutdown complete (mysqld 8.2.0)  MySQL Community Server - GPL.
2024-01-26T12:14:09.812362Z 0 [System] [MY-015016] [Server] MySQL Server - end.
2024-01-26T12:17:41.764845Z 0 [System] [MY-015015] [Server] MySQL Server - start.
2024-01-26T12:17:41.911477Z 0 [System] [MY-010116] [Server] D:\uniformServer\uniformServer\core\mysql\bin\mysqld_z.exe (mysqld 8.2.0) starting as process 7480
2024-01-26T12:17:41.924876Z 1 [System] [MY-013576] [InnoDB] InnoDB initialization has started.
2024-01-26T12:17:42.143577Z 1 [System] [MY-013577] [InnoDB] InnoDB initialization has ended.
2024-01-26T12:17:42.798469Z 0 [Warning] [MY-010068] [Server] CA certificate ca.pem is self signed.
2024-01-26T12:17:42.798967Z 0 [System] [MY-013602] [Server] Channel mysql_main configured to support TLS. Encrypted connections are now supported for this channel.
2024-01-26T12:17:42.882940Z 0 [System] [MY-011323] [Server] X Plugin ready for connections. Bind-address: '::' port: 33060
2024-01-26T12:17:42.883181Z 0 [System] [MY-010931] [Server] D:\uniformServer\uniformServer\core\mysql\bin\mysqld_z.exe: ready for connections. Version: '8.2.0'  socket: ''  port: 3306  MySQL Community Server - GPL.
2024-01-26T12:17:52.213932Z 0 [System] [MY-015015] [Server] MySQL Server - start.
2024-01-26T12:17:52.285068Z 0 [System] [MY-010116] [Server] D:\uniformServer\uniformServer\core\mysql\bin\mysqld_z.exe (mysqld 8.2.0) starting as process 11808
2024-01-26T12:17:52.296688Z 1 [System] [MY-013576] [InnoDB] InnoDB initialization has started.
2024-01-26T12:17:53.186073Z 1 [System] [MY-013577] [InnoDB] InnoDB initialization has ended.
2024-01-26T12:17:53.560011Z 0 [System] [MY-010229] [Server] Starting XA crash recovery...
2024-01-26T12:17:53.563411Z 0 [System] [MY-010232] [Server] XA crash recovery finished.
2024-01-26T12:17:53.616695Z 0 [Warning] [MY-010068] [Server] CA certificate ca.pem is self signed.
2024-01-26T12:17:53.617055Z 0 [System] [MY-013602] [Server] Channel mysql_main configured to support TLS. Encrypted connections are now supported for this channel.
2024-01-26T12:17:53.682012Z 0 [System] [MY-011323] [Server] X Plugin ready for connections. Bind-address: '::' port: 33060
2024-01-26T12:17:53.682201Z 0 [System] [MY-010931] [Server] D:\uniformServer\uniformServer\core\mysql\bin\mysqld_z.exe: ready for connections. Version: '8.2.0'  socket: ''  port: 3306  MySQL Community Server - GPL.
2024-01-26T13:46:54.552230Z 181 [System] [MY-013172] [Server] Received SHUTDOWN from user root. Shutting down mysqld (Version: 8.2.0).
2024-01-26T13:46:54.553964Z 0 [System] [MY-013105] [Server] D:\uniformServer\uniformServer\core\mysql\bin\mysqld_z.exe: Normal shutdown.
2024-01-26T13:46:55.821668Z 0 [System] [MY-010910] [Server] D:\uniformServer\uniformServer\core\mysql\bin\mysqld_z.exe: Shutdown complete (mysqld 8.2.0)  MySQL Community Server - GPL.
2024-01-26T13:46:55.824023Z 0 [System] [MY-015016] [Server] MySQL Server - end.
2024-01-26T14:16:03.892214Z 0 [System] [MY-015015] [Server] MySQL Server - start.
2024-01-26T14:16:04.092358Z 0 [System] [MY-010116] [Server] D:\uniformServer\uniformServer\core\mysql\bin\mysqld_z.exe (mysqld 8.2.0) starting as process 5572
2024-01-26T14:16:04.106091Z 1 [System] [MY-013576] [InnoDB] InnoDB initialization has started.
2024-01-26T14:16:04.328537Z 1 [System] [MY-013577] [InnoDB] InnoDB initialization has ended.
2024-01-26T14:16:04.776604Z 0 [Warning] [MY-010068] [Server] CA certificate ca.pem is self signed.
2024-01-26T14:16:04.776994Z 0 [System] [MY-013602] [Server] Channel mysql_main configured to support TLS. Encrypted connections are now supported for this channel.
2024-01-26T14:16:04.835403Z 0 [System] [MY-011323] [Server] X Plugin ready for connections. Bind-address: '::' port: 33060
2024-01-26T14:16:04.835594Z 0 [System] [MY-010931] [Server] D:\uniformServer\uniformServer\core\mysql\bin\mysqld_z.exe: ready for connections. Version: '8.2.0'  socket: ''  port: 3306  MySQL Community Server - GPL.
2024-01-26T14:16:14.506750Z 0 [System] [MY-015015] [Server] MySQL Server - start.
2024-01-26T14:16:14.678239Z 0 [System] [MY-010116] [Server] D:\uniformServer\uniformServer\core\mysql\bin\mysqld_z.exe (mysqld 8.2.0) starting as process 1636
2024-01-26T14:16:14.690912Z 1 [System] [MY-013576] [InnoDB] InnoDB initialization has started.
2024-01-26T14:16:15.092384Z 1 [System] [MY-013577] [InnoDB] InnoDB initialization has ended.
2024-01-26T14:16:15.500393Z 0 [System] [MY-010229] [Server] Starting XA crash recovery...
2024-01-26T14:16:15.503988Z 0 [System] [MY-010232] [Server] XA crash recovery finished.
2024-01-26T14:16:15.553350Z 0 [Warning] [MY-010068] [Server] CA certificate ca.pem is self signed.
2024-01-26T14:16:15.553728Z 0 [System] [MY-013602] [Server] Channel mysql_main configured to support TLS. Encrypted connections are now supported for this channel.
2024-01-26T14:16:15.611410Z 0 [System] [MY-011323] [Server] X Plugin ready for connections. Bind-address: '::' port: 33060
2024-01-26T14:16:15.611630Z 0 [System] [MY-010931] [Server] D:\uniformServer\uniformServer\core\mysql\bin\mysqld_z.exe: ready for connections. Version: '8.2.0'  socket: ''  port: 3306  MySQL Community Server - GPL.
2024-01-26T14:16:48.009156Z 36 [System] [MY-013172] [Server] Received SHUTDOWN from user root. Shutting down mysqld (Version: 8.2.0).
2024-01-26T14:16:48.009835Z 0 [System] [MY-013105] [Server] D:\uniformServer\uniformServer\core\mysql\bin\mysqld_z.exe: Normal shutdown.
2024-01-26T14:16:48.880057Z 0 [System] [MY-010910] [Server] D:\uniformServer\uniformServer\core\mysql\bin\mysqld_z.exe: Shutdown complete (mysqld 8.2.0)  MySQL Community Server - GPL.
2024-01-26T14:16:48.881232Z 0 [System] [MY-015016] [Server] MySQL Server - end.
2024-08-13T13:08:47.179429Z 0 [System] [MY-015015] [Server] MySQL Server - start.
2024-08-13T13:08:47.443572Z 0 [System] [MY-010116] [Server] C:\UniForm2024_2025\core\mysql\bin\mysqld_z.exe (mysqld 8.2.0) starting as process 26716
2024-08-13T13:08:47.522662Z 1 [System] [MY-013576] [InnoDB] InnoDB initialization has started.
2024-08-13T13:08:48.682448Z 1 [System] [MY-013577] [InnoDB] InnoDB initialization has ended.
2024-08-13T13:08:50.147223Z 0 [Warning] [MY-010068] [Server] CA certificate ca.pem is self signed.
2024-08-13T13:08:50.148548Z 0 [System] [MY-013602] [Server] Channel mysql_main configured to support TLS. Encrypted connections are now supported for this channel.
2024-08-13T13:08:50.303134Z 0 [System] [MY-011323] [Server] X Plugin ready for connections. Bind-address: '::' port: 33060
2024-08-13T13:08:50.307441Z 0 [System] [MY-010931] [Server] C:\UniForm2024_2025\core\mysql\bin\mysqld_z.exe: ready for connections. Version: '8.2.0'  socket: ''  port: 3306  MySQL Community Server - GPL.
2024-08-13T14:34:46.610891Z 23 [System] [MY-013172] [Server] Received SHUTDOWN from user root. Shutting down mysqld (Version: 8.2.0).
2024-08-13T14:34:46.613183Z 0 [System] [MY-013105] [Server] C:\UniForm2024_2025\core\mysql\bin\mysqld_z.exe: Normal shutdown.
2024-08-13T14:34:47.870249Z 0 [System] [MY-010910] [Server] C:\UniForm2024_2025\core\mysql\bin\mysqld_z.exe: Shutdown complete (mysqld 8.2.0)  MySQL Community Server - GPL.
2024-08-13T14:34:47.873687Z 0 [System] [MY-015016] [Server] MySQL Server - end.
2024-08-29T15:56:53.616594Z 0 [System] [MY-015015] [Server] MySQL Server - start.
2024-08-29T15:56:53.818978Z 0 [System] [MY-010116] [Server] C:\Uniform_test_2024_2025_V2\core\mysql\bin\mysqld_z.exe (mysqld 8.2.0) starting as process 16788
2024-08-29T15:56:53.849669Z 1 [System] [MY-013576] [InnoDB] InnoDB initialization has started.
2024-08-29T15:56:54.456869Z 1 [System] [MY-013577] [InnoDB] InnoDB initialization has ended.
2024-08-29T15:56:55.359527Z 0 [Warning] [MY-010068] [Server] CA certificate ca.pem is self signed.
2024-08-29T15:56:55.360355Z 0 [System] [MY-013602] [Server] Channel mysql_main configured to support TLS. Encrypted connections are now supported for this channel.
2024-08-29T15:56:55.692254Z 0 [System] [MY-011323] [Server] X Plugin ready for connections. Bind-address: '::' port: 33060
2024-08-29T15:56:55.694630Z 0 [System] [MY-010931] [Server] C:\Uniform_test_2024_2025_V2\core\mysql\bin\mysqld_z.exe: ready for connections. Version: '8.2.0'  socket: ''  port: 3306  MySQL Community Server - GPL.
2024-08-29T15:57:07.518138Z 0 [System] [MY-015015] [Server] MySQL Server - start.
2024-08-29T15:57:07.655205Z 0 [System] [MY-010116] [Server] C:\Uniform_test_2024_2025_V2\core\mysql\bin\mysqld_z.exe (mysqld 8.2.0) starting as process 24288
2024-08-29T15:57:07.684931Z 1 [System] [MY-013576] [InnoDB] InnoDB initialization has started.
2024-08-29T15:57:08.426222Z 1 [System] [MY-013577] [InnoDB] InnoDB initialization has ended.
2024-08-29T15:57:09.144023Z 0 [System] [MY-010229] [Server] Starting XA crash recovery...
2024-08-29T15:57:09.153152Z 0 [System] [MY-010232] [Server] XA crash recovery finished.
2024-08-29T15:57:09.310713Z 0 [Warning] [MY-010068] [Server] CA certificate ca.pem is self signed.
2024-08-29T15:57:09.311611Z 0 [System] [MY-013602] [Server] Channel mysql_main configured to support TLS. Encrypted connections are now supported for this channel.
2024-08-29T15:57:09.412863Z 0 [System] [MY-011323] [Server] X Plugin ready for connections. Bind-address: '::' port: 33060
2024-08-29T15:57:09.415231Z 0 [System] [MY-010931] [Server] C:\Uniform_test_2024_2025_V2\core\mysql\bin\mysqld_z.exe: ready for connections. Version: '8.2.0'  socket: ''  port: 3306  MySQL Community Server - GPL.
2024-08-29T16:31:20.779904Z 310 [System] [MY-013172] [Server] Received SHUTDOWN from user root. Shutting down mysqld (Version: 8.2.0).
2024-08-29T16:31:20.781202Z 0 [System] [MY-013105] [Server] C:\Uniform_test_2024_2025_V2\core\mysql\bin\mysqld_z.exe: Normal shutdown.
2024-08-29T16:31:21.276211Z 0 [System] [MY-010910] [Server] C:\Uniform_test_2024_2025_V2\core\mysql\bin\mysqld_z.exe: Shutdown complete (mysqld 8.2.0)  MySQL Community Server - GPL.
2024-08-29T16:31:21.279717Z 0 [System] [MY-015016] [Server] MySQL Server - end.
2024-09-03T13:48:10.742329Z 0 [System] [MY-015015] [Server] MySQL Server - start.
2024-09-03T13:48:10.919318Z 0 [System] [MY-010116] [Server] C:\Uniform_test_2024_2025_V2\core\mysql\bin\mysqld_z.exe (mysqld 8.2.0) starting as process 18340
2024-09-03T13:48:11.019867Z 1 [System] [MY-013576] [InnoDB] InnoDB initialization has started.
2024-09-03T13:48:11.727050Z 1 [System] [MY-013577] [InnoDB] InnoDB initialization has ended.
2024-09-03T13:48:12.863550Z 0 [Warning] [MY-010068] [Server] CA certificate ca.pem is self signed.
2024-09-03T13:48:12.864328Z 0 [System] [MY-013602] [Server] Channel mysql_main configured to support TLS. Encrypted connections are now supported for this channel.
2024-09-03T13:48:12.963546Z 0 [System] [MY-011323] [Server] X Plugin ready for connections. Bind-address: '::' port: 33060
2024-09-03T13:48:12.968201Z 0 [System] [MY-010931] [Server] C:\Uniform_test_2024_2025_V2\core\mysql\bin\mysqld_z.exe: ready for connections. Version: '8.2.0'  socket: ''  port: 3306  MySQL Community Server - GPL.
2024-09-03T13:48:24.884651Z 0 [System] [MY-015015] [Server] MySQL Server - start.
2024-09-03T13:48:25.061470Z 0 [System] [MY-010116] [Server] C:\Uniform_test_2024_2025_V2\core\mysql\bin\mysqld_z.exe (mysqld 8.2.0) starting as process 33964
2024-09-03T13:48:25.087969Z 1 [System] [MY-013576] [InnoDB] InnoDB initialization has started.
2024-09-03T13:48:26.439445Z 1 [System] [MY-013577] [InnoDB] InnoDB initialization has ended.
2024-09-03T13:48:26.995367Z 0 [System] [MY-010229] [Server] Starting XA crash recovery...
2024-09-03T13:48:27.000692Z 0 [System] [MY-010232] [Server] XA crash recovery finished.
2024-09-03T13:48:27.153513Z 0 [Warning] [MY-010068] [Server] CA certificate ca.pem is self signed.
2024-09-03T13:48:27.154305Z 0 [System] [MY-013602] [Server] Channel mysql_main configured to support TLS. Encrypted connections are now supported for this channel.
2024-09-03T13:48:27.234669Z 0 [System] [MY-011323] [Server] X Plugin ready for connections. Bind-address: '::' port: 33060
2024-09-03T13:48:27.236949Z 0 [System] [MY-010931] [Server] C:\Uniform_test_2024_2025_V2\core\mysql\bin\mysqld_z.exe: ready for connections. Version: '8.2.0'  socket: ''  port: 3306  MySQL Community Server - GPL.
2024-09-03T13:49:55.967399Z 45 [System] [MY-013172] [Server] Received SHUTDOWN from user root. Shutting down mysqld (Version: 8.2.0).
2024-09-03T13:49:55.969108Z 0 [System] [MY-013105] [Server] C:\Uniform_test_2024_2025_V2\core\mysql\bin\mysqld_z.exe: Normal shutdown.
2024-09-03T13:49:56.694390Z 0 [System] [MY-010910] [Server] C:\Uniform_test_2024_2025_V2\core\mysql\bin\mysqld_z.exe: Shutdown complete (mysqld 8.2.0)  MySQL Community Server - GPL.
2024-09-03T13:49:56.697215Z 0 [System] [MY-015016] [Server] MySQL Server - end.
2025-08-28T08:46:04.883577Z 0 [System] [MY-015015] [Server] MySQL Server - start.
2025-08-28T08:46:05.041944Z 0 [System] [MY-010116] [Server] C:\Uniform_2025_2026_V3\core\mysql\bin\mysqld_z.exe (mysqld 8.2.0) starting as process 15260
2025-08-28T08:46:05.070236Z 1 [System] [MY-013576] [InnoDB] InnoDB initialization has started.
2025-08-28T08:46:05.660132Z 1 [System] [MY-013577] [InnoDB] InnoDB initialization has ended.
2025-08-28T08:46:06.481061Z 0 [Warning] [MY-010068] [Server] CA certificate ca.pem is self signed.
2025-08-28T08:46:06.481890Z 0 [System] [MY-013602] [Server] Channel mysql_main configured to support TLS. Encrypted connections are now supported for this channel.
2025-08-28T08:46:06.637420Z 0 [System] [MY-011323] [Server] X Plugin ready for connections. Bind-address: '::' port: 33060
2025-08-28T08:46:06.639317Z 0 [System] [MY-010931] [Server] C:\Uniform_2025_2026_V3\core\mysql\bin\mysqld_z.exe: ready for connections. Version: '8.2.0'  socket: ''  port: 3306  MySQL Community Server - GPL.
2025-08-28T08:46:20.075617Z 0 [System] [MY-015015] [Server] MySQL Server - start.
2025-08-28T08:46:20.194110Z 0 [System] [MY-010116] [Server] C:\Uniform_2025_2026_V3\core\mysql\bin\mysqld_z.exe (mysqld 8.2.0) starting as process 6032
2025-08-28T08:46:20.237532Z 1 [System] [MY-013576] [InnoDB] InnoDB initialization has started.
2025-08-28T08:46:21.456839Z 1 [System] [MY-013577] [InnoDB] InnoDB initialization has ended.
2025-08-28T08:46:22.006554Z 0 [System] [MY-010229] [Server] Starting XA crash recovery...
2025-08-28T08:46:22.010822Z 0 [System] [MY-010232] [Server] XA crash recovery finished.
2025-08-28T08:46:22.184711Z 0 [Warning] [MY-010068] [Server] CA certificate ca.pem is self signed.
2025-08-28T08:46:22.185481Z 0 [System] [MY-013602] [Server] Channel mysql_main configured to support TLS. Encrypted connections are now supported for this channel.
2025-08-28T08:46:22.280033Z 0 [System] [MY-011323] [Server] X Plugin ready for connections. Bind-address: '::' port: 33060
2025-08-28T08:46:22.290615Z 0 [System] [MY-010931] [Server] C:\Uniform_2025_2026_V3\core\mysql\bin\mysqld_z.exe: ready for connections. Version: '8.2.0'  socket: ''  port: 3306  MySQL Community Server - GPL.
2025-08-28T08:47:04.607906Z 9 [System] [MY-013172] [Server] Received SHUTDOWN from user root. Shutting down mysqld (Version: 8.2.0).
2025-08-28T08:47:04.608958Z 0 [System] [MY-013105] [Server] C:\Uniform_2025_2026_V3\core\mysql\bin\mysqld_z.exe: Normal shutdown.
2025-08-28T08:47:05.397691Z 0 [System] [MY-010910] [Server] C:\Uniform_2025_2026_V3\core\mysql\bin\mysqld_z.exe: Shutdown complete (mysqld 8.2.0)  MySQL Community Server - GPL.
2025-08-28T08:47:05.400538Z 0 [System] [MY-015016] [Server] MySQL Server - end.
2025-08-28T09:56:37.783688Z 0 [System] [MY-015015] [Server] MySQL Server - start.
2025-08-28T09:56:37.999843Z 0 [System] [MY-010116] [Server] C:\Uniform_2025_2026_V3TESTV2\core\mysql\bin\mysqld_z.exe (mysqld 8.2.0) starting as process 11480
2025-08-28T09:56:38.038131Z 1 [System] [MY-013576] [InnoDB] InnoDB initialization has started.
2025-08-28T09:56:38.626155Z 1 [System] [MY-013577] [InnoDB] InnoDB initialization has ended.
2025-08-28T09:56:39.497903Z 0 [Warning] [MY-010068] [Server] CA certificate ca.pem is self signed.
2025-08-28T09:56:39.498776Z 0 [System] [MY-013602] [Server] Channel mysql_main configured to support TLS. Encrypted connections are now supported for this channel.
2025-08-28T09:56:39.586770Z 0 [System] [MY-011323] [Server] X Plugin ready for connections. Bind-address: '::' port: 33060
2025-08-28T09:56:39.589198Z 0 [System] [MY-010931] [Server] C:\Uniform_2025_2026_V3TESTV2\core\mysql\bin\mysqld_z.exe: ready for connections. Version: '8.2.0'  socket: ''  port: 3306  MySQL Community Server - GPL.
2025-08-28T09:56:56.624769Z 0 [System] [MY-015015] [Server] MySQL Server - start.
2025-08-28T09:56:56.744930Z 0 [System] [MY-010116] [Server] C:\Uniform_2025_2026_V3TESTV2\core\mysql\bin\mysqld_z.exe (mysqld 8.2.0) starting as process 2744
2025-08-28T09:56:56.774111Z 1 [System] [MY-013576] [InnoDB] InnoDB initialization has started.
2025-08-28T09:56:58.154142Z 1 [System] [MY-013577] [InnoDB] InnoDB initialization has ended.
2025-08-28T09:56:58.680446Z 0 [System] [MY-010229] [Server] Starting XA crash recovery...
2025-08-28T09:56:58.685370Z 0 [System] [MY-010232] [Server] XA crash recovery finished.
2025-08-28T09:56:58.830202Z 0 [Warning] [MY-010068] [Server] CA certificate ca.pem is self signed.
2025-08-28T09:56:58.831042Z 0 [System] [MY-013602] [Server] Channel mysql_main configured to support TLS. Encrypted connections are now supported for this channel.
2025-08-28T09:56:58.918568Z 0 [System] [MY-011323] [Server] X Plugin ready for connections. Bind-address: '::' port: 33060
2025-08-28T09:56:58.920517Z 0 [System] [MY-010931] [Server] C:\Uniform_2025_2026_V3TESTV2\core\mysql\bin\mysqld_z.exe: ready for connections. Version: '8.2.0'  socket: ''  port: 3306  MySQL Community Server - GPL.
2025-08-28T09:57:19.258973Z 9 [System] [MY-013172] [Server] Received SHUTDOWN from user root. Shutting down mysqld (Version: 8.2.0).
2025-08-28T09:57:19.260598Z 0 [System] [MY-013105] [Server] C:\Uniform_2025_2026_V3TESTV2\core\mysql\bin\mysqld_z.exe: Normal shutdown.
2025-08-28T09:57:19.804497Z 0 [System] [MY-010910] [Server] C:\Uniform_2025_2026_V3TESTV2\core\mysql\bin\mysqld_z.exe: Shutdown complete (mysqld 8.2.0)  MySQL Community Server - GPL.
2025-08-28T09:57:19.806973Z 0 [System] [MY-015016] [Server] MySQL Server - end.
2025-08-28T09:58:38.685130Z 0 [System] [MY-015015] [Server] MySQL Server - start.
2025-08-28T09:58:38.861174Z 0 [System] [MY-010116] [Server] C:\Uniform_2025_2026_V3TESTV2\core\mysql\bin\mysqld_z.exe (mysqld 8.2.0) starting as process 17548
2025-08-28T09:58:38.888618Z 1 [System] [MY-013576] [InnoDB] InnoDB initialization has started.
2025-08-28T09:58:39.343253Z 1 [System] [MY-013577] [InnoDB] InnoDB initialization has ended.
2025-08-28T09:58:40.203729Z 0 [Warning] [MY-010068] [Server] CA certificate ca.pem is self signed.
2025-08-28T09:58:40.204494Z 0 [System] [MY-013602] [Server] Channel mysql_main configured to support TLS. Encrypted connections are now supported for this channel.
2025-08-28T09:58:40.292919Z 0 [System] [MY-011323] [Server] X Plugin ready for connections. Bind-address: '::' port: 33060
2025-08-28T09:58:40.294709Z 0 [System] [MY-010931] [Server] C:\Uniform_2025_2026_V3TESTV2\core\mysql\bin\mysqld_z.exe: ready for connections. Version: '8.2.0'  socket: ''  port: 3306  MySQL Community Server - GPL.
2025-08-28T09:58:49.994894Z 0 [System] [MY-015015] [Server] MySQL Server - start.
2025-08-28T09:58:50.168121Z 0 [System] [MY-010116] [Server] C:\Uniform_2025_2026_V3TESTV2\core\mysql\bin\mysqld_z.exe (mysqld 8.2.0) starting as process 6940
2025-08-28T09:58:50.198640Z 1 [System] [MY-013576] [InnoDB] InnoDB initialization has started.
2025-08-28T09:58:51.506618Z 1 [System] [MY-013577] [InnoDB] InnoDB initialization has ended.
2025-08-28T09:58:52.007005Z 0 [System] [MY-010229] [Server] Starting XA crash recovery...
2025-08-28T09:58:52.011873Z 0 [System] [MY-010232] [Server] XA crash recovery finished.
2025-08-28T09:58:52.146277Z 0 [Warning] [MY-010068] [Server] CA certificate ca.pem is self signed.
2025-08-28T09:58:52.147280Z 0 [System] [MY-013602] [Server] Channel mysql_main configured to support TLS. Encrypted connections are now supported for this channel.
2025-08-28T09:58:52.241862Z 0 [System] [MY-011323] [Server] X Plugin ready for connections. Bind-address: '::' port: 33060
2025-08-28T09:58:52.244009Z 0 [System] [MY-010931] [Server] C:\Uniform_2025_2026_V3TESTV2\core\mysql\bin\mysqld_z.exe: ready for connections. Version: '8.2.0'  socket: ''  port: 3306  MySQL Community Server - GPL.
2025-08-28T09:59:18.954416Z 23 [System] [MY-013172] [Server] Received SHUTDOWN from user root. Shutting down mysqld (Version: 8.2.0).
2025-08-28T09:59:18.955857Z 0 [System] [MY-013105] [Server] C:\Uniform_2025_2026_V3TESTV2\core\mysql\bin\mysqld_z.exe: Normal shutdown.
2025-08-28T09:59:19.266455Z 0 [System] [MY-010910] [Server] C:\Uniform_2025_2026_V3TESTV2\core\mysql\bin\mysqld_z.exe: Shutdown complete (mysqld 8.2.0)  MySQL Community Server - GPL.
2025-08-28T09:59:19.269299Z 0 [System] [MY-015016] [Server] MySQL Server - end.
2025-08-28T10:06:57.380157Z 0 [System] [MY-015015] [Server] MySQL Server - start.
2025-08-28T10:06:57.592283Z 0 [System] [MY-010116] [Server] C:\Uniform_2025_2026_V3TESTV3RAR\core\mysql\bin\mysqld_z.exe (mysqld 8.2.0) starting as process 1468
2025-08-28T10:06:57.651012Z 1 [System] [MY-013576] [InnoDB] InnoDB initialization has started.
2025-08-28T10:06:58.911920Z 1 [System] [MY-013577] [InnoDB] InnoDB initialization has ended.
2025-08-28T10:07:00.005317Z 0 [Warning] [MY-010068] [Server] CA certificate ca.pem is self signed.
2025-08-28T10:07:00.006120Z 0 [System] [MY-013602] [Server] Channel mysql_main configured to support TLS. Encrypted connections are now supported for this channel.
2025-08-28T10:07:00.097294Z 0 [System] [MY-011323] [Server] X Plugin ready for connections. Bind-address: '::' port: 33060
2025-08-28T10:07:00.099408Z 0 [System] [MY-010931] [Server] C:\Uniform_2025_2026_V3TESTV3RAR\core\mysql\bin\mysqld_z.exe: ready for connections. Version: '8.2.0'  socket: ''  port: 3306  MySQL Community Server - GPL.
2025-08-28T10:07:10.915578Z 0 [System] [MY-015015] [Server] MySQL Server - start.
2025-08-28T10:07:11.145939Z 0 [System] [MY-010116] [Server] C:\Uniform_2025_2026_V3TESTV3RAR\core\mysql\bin\mysqld_z.exe (mysqld 8.2.0) starting as process 5244
2025-08-28T10:07:11.182504Z 1 [System] [MY-013576] [InnoDB] InnoDB initialization has started.
2025-08-28T10:07:12.791162Z 1 [System] [MY-013577] [InnoDB] InnoDB initialization has ended.
2025-08-28T10:07:13.351340Z 0 [System] [MY-010229] [Server] Starting XA crash recovery...
2025-08-28T10:07:13.355875Z 0 [System] [MY-010232] [Server] XA crash recovery finished.
2025-08-28T10:07:13.538034Z 0 [Warning] [MY-010068] [Server] CA certificate ca.pem is self signed.
2025-08-28T10:07:13.538822Z 0 [System] [MY-013602] [Server] Channel mysql_main configured to support TLS. Encrypted connections are now supported for this channel.
2025-08-28T10:07:13.626101Z 0 [System] [MY-011323] [Server] X Plugin ready for connections. Bind-address: '::' port: 33060
2025-08-28T10:07:13.627993Z 0 [System] [MY-010931] [Server] C:\Uniform_2025_2026_V3TESTV3RAR\core\mysql\bin\mysqld_z.exe: ready for connections. Version: '8.2.0'  socket: ''  port: 3306  MySQL Community Server - GPL.
2025-08-28T17:43:22.256877Z 72 [System] [MY-013172] [Server] Received SHUTDOWN from user root. Shutting down mysqld (Version: 8.2.0).
2025-08-28T17:43:22.258984Z 0 [System] [MY-013105] [Server] C:\Uniform_2025_2026_V3TESTV3RAR\core\mysql\bin\mysqld_z.exe: Normal shutdown.
2025-08-28T17:43:23.343111Z 0 [System] [MY-010910] [Server] C:\Uniform_2025_2026_V3TESTV3RAR\core\mysql\bin\mysqld_z.exe: Shutdown complete (mysqld 8.2.0)  MySQL Community Server - GPL.
2025-08-28T17:43:23.350299Z 0 [System] [MY-015016] [Server] MySQL Server - end.
2025-09-05T08:08:56.407892Z 0 [System] [MY-015015] [Server] MySQL Server - start.
2025-09-05T08:08:56.569627Z 0 [System] [MY-010116] [Server] D:\uniformRous\core\mysql\bin\mysqld_z.exe (mysqld 8.2.0) starting as process 10420
2025-09-05T08:08:56.626361Z 1 [System] [MY-013576] [InnoDB] InnoDB initialization has started.
2025-09-05T08:08:56.873721Z 1 [System] [MY-013577] [InnoDB] InnoDB initialization has ended.
2025-09-05T08:08:57.122951Z 0 [Warning] [MY-010068] [Server] CA certificate ca.pem is self signed.
2025-09-05T08:08:57.123138Z 0 [System] [MY-013602] [Server] Channel mysql_main configured to support TLS. Encrypted connections are now supported for this channel.
2025-09-05T08:08:57.158003Z 0 [System] [MY-011323] [Server] X Plugin ready for connections. Bind-address: '::' port: 33060
2025-09-05T08:08:57.158015Z 0 [System] [MY-010931] [Server] D:\uniformRous\core\mysql\bin\mysqld_z.exe: ready for connections. Version: '8.2.0'  socket: ''  port: 3306  MySQL Community Server - GPL.
2025-09-05T08:10:31.801846Z 10 [System] [MY-013172] [Server] Received SHUTDOWN from user root. Shutting down mysqld (Version: 8.2.0).
2025-09-05T08:10:31.802608Z 0 [System] [MY-013105] [Server] D:\uniformRous\core\mysql\bin\mysqld_z.exe: Normal shutdown.
2025-09-05T08:10:32.116651Z 0 [System] [MY-010910] [Server] D:\uniformRous\core\mysql\bin\mysqld_z.exe: Shutdown complete (mysqld 8.2.0)  MySQL Community Server - GPL.
2025-09-05T08:10:32.118502Z 0 [System] [MY-015016] [Server] MySQL Server - end.
2025-09-05T09:09:24.105540Z 0 [System] [MY-015015] [Server] MySQL Server - start.
2025-09-05T09:09:24.222669Z 0 [System] [MY-010116] [Server] D:\uniformRous\core\mysql\bin\mysqld_z.exe (mysqld 8.2.0) starting as process 11404
2025-09-05T09:09:24.291635Z 1 [System] [MY-013576] [InnoDB] InnoDB initialization has started.
2025-09-05T09:09:27.573992Z 1 [System] [MY-013577] [InnoDB] InnoDB initialization has ended.
2025-09-05T09:09:28.771311Z 0 [Warning] [MY-010068] [Server] CA certificate ca.pem is self signed.
2025-09-05T09:09:28.771616Z 0 [System] [MY-013602] [Server] Channel mysql_main configured to support TLS. Encrypted connections are now supported for this channel.
2025-09-05T09:09:28.866019Z 0 [System] [MY-011323] [Server] X Plugin ready for connections. Bind-address: '::' port: 33060
2025-09-05T09:09:28.866132Z 0 [System] [MY-010931] [Server] D:\uniformRous\core\mysql\bin\mysqld_z.exe: ready for connections. Version: '8.2.0'  socket: ''  port: 3306  MySQL Community Server - GPL.
2025-09-05T09:10:26.164427Z 46 [System] [MY-013172] [Server] Received SHUTDOWN from user root. Shutting down mysqld (Version: 8.2.0).
2025-09-05T09:10:26.165040Z 0 [System] [MY-013105] [Server] D:\uniformRous\core\mysql\bin\mysqld_z.exe: Normal shutdown.
2025-09-05T09:10:27.940836Z 0 [System] [MY-010910] [Server] D:\uniformRous\core\mysql\bin\mysqld_z.exe: Shutdown complete (mysqld 8.2.0)  MySQL Community Server - GPL.
2025-09-05T09:10:27.942865Z 0 [System] [MY-015016] [Server] MySQL Server - end.
2025-09-05T09:16:53.586186Z 0 [System] [MY-015015] [Server] MySQL Server - start.
2025-09-05T09:16:53.644521Z 0 [System] [MY-010116] [Server] D:\uniformRous\core\mysql\bin\mysqld_z.exe (mysqld 8.2.0) starting as process 8088
2025-09-05T09:16:53.719734Z 1 [System] [MY-013576] [InnoDB] InnoDB initialization has started.
2025-09-05T09:16:57.219671Z 1 [System] [MY-013577] [InnoDB] InnoDB initialization has ended.
2025-09-05T09:16:59.097866Z 0 [Warning] [MY-010068] [Server] CA certificate ca.pem is self signed.
2025-09-05T09:16:59.098170Z 0 [System] [MY-013602] [Server] Channel mysql_main configured to support TLS. Encrypted connections are now supported for this channel.
2025-09-05T09:16:59.259769Z 0 [System] [MY-011323] [Server] X Plugin ready for connections. Bind-address: '::' port: 33060
2025-09-05T09:16:59.259910Z 0 [System] [MY-010931] [Server] D:\uniformRous\core\mysql\bin\mysqld_z.exe: ready for connections. Version: '8.2.0'  socket: ''  port: 3306  MySQL Community Server - GPL.
2025-09-05T09:17:42.969256Z 46 [System] [MY-013172] [Server] Received SHUTDOWN from user root. Shutting down mysqld (Version: 8.2.0).
2025-09-05T09:17:42.969710Z 0 [System] [MY-013105] [Server] D:\uniformRous\core\mysql\bin\mysqld_z.exe: Normal shutdown.
2025-09-05T09:17:44.865440Z 0 [System] [MY-010910] [Server] D:\uniformRous\core\mysql\bin\mysqld_z.exe: Shutdown complete (mysqld 8.2.0)  MySQL Community Server - GPL.
2025-09-05T09:17:44.867046Z 0 [System] [MY-015016] [Server] MySQL Server - end.
2025-09-05T09:19:43.883523Z 0 [System] [MY-015015] [Server] MySQL Server - start.
2025-09-05T09:19:43.943223Z 0 [System] [MY-010116] [Server] D:\uniformRous\core\mysql\bin\mysqld_z.exe (mysqld 8.2.0) starting as process 14452
2025-09-05T09:19:44.240889Z 1 [System] [MY-013576] [InnoDB] InnoDB initialization has started.
2025-09-05T09:19:47.408448Z 1 [System] [MY-013577] [InnoDB] InnoDB initialization has ended.
2025-09-05T09:19:48.761851Z 0 [Warning] [MY-010068] [Server] CA certificate ca.pem is self signed.
2025-09-05T09:19:48.762153Z 0 [System] [MY-013602] [Server] Channel mysql_main configured to support TLS. Encrypted connections are now supported for this channel.
2025-09-05T09:19:48.882800Z 0 [System] [MY-011323] [Server] X Plugin ready for connections. Bind-address: '::' port: 33060
2025-09-05T09:19:48.882920Z 0 [System] [MY-010931] [Server] D:\uniformRous\core\mysql\bin\mysqld_z.exe: ready for connections. Version: '8.2.0'  socket: ''  port: 3306  MySQL Community Server - GPL.
2025-09-05T09:20:15.611017Z 35 [System] [MY-013172] [Server] Received SHUTDOWN from user root. Shutting down mysqld (Version: 8.2.0).
2025-09-05T09:20:15.611430Z 0 [System] [MY-013105] [Server] D:\uniformRous\core\mysql\bin\mysqld_z.exe: Normal shutdown.
2025-09-05T09:20:17.172729Z 0 [System] [MY-010910] [Server] D:\uniformRous\core\mysql\bin\mysqld_z.exe: Shutdown complete (mysqld 8.2.0)  MySQL Community Server - GPL.
2025-09-05T09:20:17.174914Z 0 [System] [MY-015016] [Server] MySQL Server - end.
2026-09-04T07:29:49.854663Z 0 [System] [MY-015015] [Server] MySQL Server - start.
2026-09-04T07:29:49.989497Z 0 [System] [MY-010116] [Server] C:\oracle_install\core\mysql\bin\mysqld_z.exe (mysqld 8.2.0) starting as process 11624
2026-09-04T07:29:50.367456Z 1 [System] [MY-013576] [InnoDB] InnoDB initialization has started.
2026-09-04T07:30:00.237495Z 1 [System] [MY-013577] [InnoDB] InnoDB initialization has ended.
2026-09-04T07:30:05.729036Z 0 [Warning] [MY-010068] [Server] CA certificate ca.pem is self signed.
2026-09-04T07:30:05.729386Z 0 [System] [MY-013602] [Server] Channel mysql_main configured to support TLS. Encrypted connections are now supported for this channel.
2026-09-04T07:30:06.107849Z 0 [System] [MY-011323] [Server] X Plugin ready for connections. Bind-address: '::' port: 33060
2026-09-04T07:30:06.108187Z 0 [System] [MY-010931] [Server] C:\oracle_install\core\mysql\bin\mysqld_z.exe: ready for connections. Version: '8.2.0'  socket: ''  port: 3306  MySQL Community Server - GPL.
2026-09-04T08:30:08.463506Z 9 [System] [MY-013172] [Server] Received SHUTDOWN from user root. Shutting down mysqld (Version: 8.2.0).
2026-09-04T08:30:08.464005Z 0 [System] [MY-013105] [Server] C:\oracle_install\core\mysql\bin\mysqld_z.exe: Normal shutdown.
2026-09-04T08:30:09.992264Z 0 [System] [MY-010910] [Server] C:\oracle_install\core\mysql\bin\mysqld_z.exe: Shutdown complete (mysqld 8.2.0)  MySQL Community Server - GPL.
2026-09-04T08:30:09.993574Z 0 [System] [MY-015016] [Server] MySQL Server - end.
2026-09-04T11:18:09.429936Z 0 [System] [MY-015015] [Server] MySQL Server - start.
2026-09-04T11:18:09.584294Z 0 [System] [MY-010116] [Server] C:\oracle_install\core\mysql\bin\mysqld_z.exe (mysqld 8.2.0) starting as process 10020
2026-09-04T11:18:10.722480Z 1 [System] [MY-013576] [InnoDB] InnoDB initialization has started.
2026-09-04T11:18:53.476415Z 1 [System] [MY-013577] [InnoDB] InnoDB initialization has ended.
2026-09-04T11:18:59.728483Z 0 [Warning] [MY-010068] [Server] CA certificate ca.pem is self signed.
2026-09-04T11:18:59.730116Z 0 [System] [MY-013602] [Server] Channel mysql_main configured to support TLS. Encrypted connections are now supported for this channel.
2026-09-04T11:19:00.184508Z 0 [System] [MY-011323] [Server] X Plugin ready for connections. Bind-address: '::' port: 33060
2026-09-04T11:19:00.184780Z 0 [System] [MY-010931] [Server] C:\oracle_install\core\mysql\bin\mysqld_z.exe: ready for connections. Version: '8.2.0'  socket: ''  port: 3306  MySQL Community Server - GPL.
2026-09-04T12:31:56.305276Z 1184 [System] [MY-013172] [Server] Received SHUTDOWN from user root. Shutting down mysqld (Version: 8.2.0).
2026-09-04T12:31:56.306264Z 0 [System] [MY-013105] [Server] C:\oracle_install\core\mysql\bin\mysqld_z.exe: Normal shutdown.
2026-09-04T12:31:58.327772Z 0 [System] [MY-010910] [Server] C:\oracle_install\core\mysql\bin\mysqld_z.exe: Shutdown complete (mysqld 8.2.0)  MySQL Community Server - GPL.
2026-09-04T12:31:58.329697Z 0 [System] [MY-015016] [Server] MySQL Server - end.
2026-09-09T06:05:46.706331Z 0 [System] [MY-015015] [Server] MySQL Server - start.
2026-09-09T06:05:46.904600Z 0 [System] [MY-010116] [Server] C:\oracle_install\core\mysql\bin\mysqld_z.exe (mysqld 8.2.0) starting as process 11776
2026-09-09T06:05:47.344454Z 1 [System] [MY-013576] [InnoDB] InnoDB initialization has started.
2026-09-09T06:06:07.988405Z 1 [System] [MY-013577] [InnoDB] InnoDB initialization has ended.
2026-09-09T06:06:21.851194Z 0 [Warning] [MY-010068] [Server] CA certificate ca.pem is self signed.
2026-09-09T06:06:21.853706Z 0 [System] [MY-013602] [Server] Channel mysql_main configured to support TLS. Encrypted connections are now supported for this channel.
2026-09-09T06:06:22.742844Z 0 [System] [MY-011323] [Server] X Plugin ready for connections. Bind-address: '::' port: 33060
2026-09-09T06:06:22.743837Z 0 [System] [MY-010931] [Server] C:\oracle_install\core\mysql\bin\mysqld_z.exe: ready for connections. Version: '8.2.0'  socket: ''  port: 3306  MySQL Community Server - GPL.
2026-09-09T07:17:39.509299Z 1148 [System] [MY-013172] [Server] Received SHUTDOWN from user root. Shutting down mysqld (Version: 8.2.0).
2026-09-09T07:17:39.510084Z 0 [System] [MY-013105] [Server] C:\oracle_install\core\mysql\bin\mysqld_z.exe: Normal shutdown.
2026-09-09T07:17:41.493590Z 0 [System] [MY-010910] [Server] C:\oracle_install\core\mysql\bin\mysqld_z.exe: Shutdown complete (mysqld 8.2.0)  MySQL Community Server - GPL.
2026-09-09T07:17:41.495107Z 0 [System] [MY-015016] [Server] MySQL Server - end.
2026-09-16T06:04:58.512088Z 0 [System] [MY-015015] [Server] MySQL Server - start.
2026-09-16T06:04:58.639305Z 0 [System] [MY-010116] [Server] C:\oracle_install\core\mysql\bin\mysqld_z.exe (mysqld 8.2.0) starting as process 15488
2026-09-16T06:04:58.903772Z 1 [System] [MY-013576] [InnoDB] InnoDB initialization has started.
2026-09-16T06:05:09.384026Z 1 [System] [MY-013577] [InnoDB] InnoDB initialization has ended.
2026-09-16T06:05:14.986885Z 0 [Warning] [MY-010068] [Server] CA certificate ca.pem is self signed.
2026-09-16T06:05:14.987707Z 0 [System] [MY-013602] [Server] Channel mysql_main configured to support TLS. Encrypted connections are now supported for this channel.
2026-09-16T06:05:15.285578Z 0 [System] [MY-010931] [Server] C:\oracle_install\core\mysql\bin\mysqld_z.exe: ready for connections. Version: '8.2.0'  socket: ''  port: 3306  MySQL Community Server - GPL.
2026-09-16T06:05:15.285600Z 0 [System] [MY-011323] [Server] X Plugin ready for connections. Bind-address: '::' port: 33060
